../drivers/Src/stm32f446xx_usart_driver.c:9:6:USART_SetBaudData	40	static
../drivers/Src/stm32f446xx_usart_driver.c:56:6:USART_Init	24	static
../drivers/Src/stm32f446xx_usart_driver.c:128:6:USART_PeripheralControl	16	static
../drivers/Src/stm32f446xx_usart_driver.c:139:6:USART_PeriClockControl	16	static
../drivers/Src/stm32f446xx_usart_driver.c:173:9:USART_GetFlagStatus	16	static
../drivers/Src/stm32f446xx_usart_driver.c:184:6:USART_SendData	32	static
../drivers/Src/stm32f446xx_usart_driver.c:223:6:USART_ReceiveData	32	static
../drivers/Src/stm32f446xx_usart_driver.c:259:9:USART_SendDataIT	32	static
../drivers/Src/stm32f446xx_usart_driver.c:278:9:USART_ReceiveDataIT	32	static
../drivers/Src/stm32f446xx_usart_driver.c:295:6:USART_ClearFlag	16	static
../drivers/Src/stm32f446xx_usart_driver.c:300:6:USART_IRQInterruptConfig	16	static
../drivers/Src/stm32f446xx_usart_driver.c:305:6:USART_IRQPriorityConfig	16	static
../drivers/Src/stm32f446xx_usart_driver.c:310:6:USART_IRQHandling	16	static
