22:36:21 **** Incremental Build of configuration Debug for project 005HSI_Measurement ****
make -j4 all 
arm-none-eabi-gcc "../Src/main.c" -mcpu=cortex-m4 -std=gnu11 -g3 -DDEBUG -DSTM32 -DSTM32F4 -DSTM32F446RETx -DNUCLEO_F446RE -c -I../Inc -O0 -ffunction-sections -fdata-sections -Wall -fstack-usage -fcyclomatic-complexity -MMD -MP -MF"Src/main.d" -MT"Src/main.o" --specs=nano.specs -mfpu=fpv4-sp-d16 -mfloat-abi=hard -mthumb -o "Src/main.o"
../Src/main.c:30:4: warning: #warning "FPU is not initialized, but the project is compiling for an FPU. Please initialize the FPU before use." [-Wcpp]
   30 |   #warning "FPU is not initialized, but the project is compiling for an FPU. Please initialize the FPU before use."
      |    ^~~~~~~
../Src/main.c: In function 'main':
../Src/main.c:39:19: warning: unused variable 'pRccAhb1Enr' [-Wunused-variable]
   39 |         uint32_t *pRccAhb1Enr = (uint32_t*) (RCC_BASE_ADDR + 0x30);
      |                   ^~~~~~~~~~~
arm-none-eabi-gcc -o "005HSI_Measurement.elf" @"objects.list"   -mcpu=cortex-m4 -T"/home/justjhst/바탕화면/Phase1_Udemy/005HSI_Measurement/STM32F446RETX_FLASH.ld" --specs=nosys.specs -Wl,-Map="005HSI_Measurement.map" -Wl,--gc-sections -static --specs=nano.specs -mfpu=fpv4-sp-d16 -mfloat-abi=hard -mthumb -Wl,--start-group -lc -lm -Wl,--end-group
Finished building target: 005HSI_Measurement.elf
 
arm-none-eabi-size  005HSI_Measurement.elf 
arm-none-eabi-objdump -h -S 005HSI_Measurement.elf  > "005HSI_Measurement.list"
   text	   data	    bss	    dec	    hex	filename
    796	      0	   1568	   2364	    93c	005HSI_Measurement.elf
Finished building: default.size.stdout
 
Finished building: 005HSI_Measurement.list
 
22:37:36 **** Incremental Build of configuration Debug for project 001HelloWorld ****
make -j4 all 
arm-none-eabi-size  001HelloWorld.elf 
   text	   data	    bss	    dec	    hex	filename
   3464	     92	   1900	   5456	   1550	001HelloWorld.elf
Finished building: default.size.stdout
 
22:37:36 **** Incremental Build of configuration Debug for project 002SampleApp ****
make -j4 all 
arm-none-eabi-size  002SampleApp.elf 
   text	   data	    bss	    dec	    hex	filename
   6372	    164	   1900	   8436	   20f4	002SampleApp.elf
Finished building: default.size.stdout
 
22:37:36 **** Incremental Build of configuration Debug for project 004PeriClockEnable ****
make -j4 all 
arm-none-eabi-size  004PeriClockEnable.elf 
   text	   data	    bss	    dec	    hex	filename
    756	      0	   1568	   2324	    914	004PeriClockEnable.elf
Finished building: default.size.stdout
 
22:37:36 **** Incremental Build of configuration Debug for project 005HSI_Measurement ****
make -j4 all 
arm-none-eabi-gcc "../Src/main.c" -mcpu=cortex-m4 -std=gnu11 -g3 -DDEBUG -DSTM32 -DSTM32F4 -DSTM32F446RETx -DNUCLEO_F446RE -c -I../Inc -O0 -ffunction-sections -fdata-sections -Wall -fstack-usage -fcyclomatic-complexity -MMD -MP -MF"Src/main.d" -MT"Src/main.o" --specs=nano.specs -mfpu=fpv4-sp-d16 -mfloat-abi=hard -mthumb -o "Src/main.o"
../Src/main.c:30:4: warning: #warning "FPU is not initialized, but the project is compiling for an FPU. Please initialize the FPU before use." [-Wcpp]
   30 |   #warning "FPU is not initialized, but the project is compiling for an FPU. Please initialize the FPU before use."
      |    ^~~~~~~
arm-none-eabi-gcc -o "005HSI_Measurement.elf" @"objects.list"   -mcpu=cortex-m4 -T"/home/justjhst/바탕화면/Phase1_Udemy/005HSI_Measurement/STM32F446RETX_FLASH.ld" --specs=nosys.specs -Wl,-Map="005HSI_Measurement.map" -Wl,--gc-sections -static --specs=nano.specs -mfpu=fpv4-sp-d16 -mfloat-abi=hard -mthumb -Wl,--start-group -lc -lm -Wl,--end-group
Finished building target: 005HSI_Measurement.elf
 
arm-none-eabi-size  005HSI_Measurement.elf 
arm-none-eabi-objdump -h -S 005HSI_Measurement.elf  > "005HSI_Measurement.list"
   text	   data	    bss	    dec	    hex	filename
    808	      0	   1568	   2376	    948	005HSI_Measurement.elf
Finished building: default.size.stdout
 
Finished building: 005HSI_Measurement.list
 
22:37:37 **** Incremental Build of configuration Debug for project Clock ****
make -j4 all 
arm-none-eabi-size  Clock.elf 
   text	   data	    bss	    dec	    hex	filename
   5328	     12	   1572	   6912	   1b00	Clock.elf
Finished building: default.size.stdout
 
22:41:04 **** Incremental Build of configuration Debug for project 001HelloWorld ****
make -j4 all 
arm-none-eabi-size  001HelloWorld.elf 
   text	   data	    bss	    dec	    hex	filename
   3464	     92	   1900	   5456	   1550	001HelloWorld.elf
Finished building: default.size.stdout
 
22:41:04 **** Incremental Build of configuration Debug for project 002SampleApp ****
make -j4 all 
arm-none-eabi-size  002SampleApp.elf 
   text	   data	    bss	    dec	    hex	filename
   6372	    164	   1900	   8436	   20f4	002SampleApp.elf
Finished building: default.size.stdout
 
22:41:04 **** Incremental Build of configuration Debug for project 004PeriClockEnable ****
make -j4 all 
arm-none-eabi-size  004PeriClockEnable.elf 
   text	   data	    bss	    dec	    hex	filename
    756	      0	   1568	   2324	    914	004PeriClockEnable.elf
Finished building: default.size.stdout
 
22:41:04 **** Incremental Build of configuration Debug for project 005HSI_Measurement ****
make -j4 all 
arm-none-eabi-size  005HSI_Measurement.elf 
   text	   data	    bss	    dec	    hex	filename
    808	      0	   1568	   2376	    948	005HSI_Measurement.elf
Finished building: default.size.stdout
 
22:41:04 **** Incremental Build of configuration Debug for project Clock ****
make -j4 all 
arm-none-eabi-size  Clock.elf 
   text	   data	    bss	    dec	    hex	filename
   5328	     12	   1572	   6912	   1b00	Clock.elf
Finished building: default.size.stdout
 
22:42:42 **** Incremental Build of configuration Debug for project 005HSI_Measurement ****
make -j4 all 
arm-none-eabi-size  005HSI_Measurement.elf 
   text	   data	    bss	    dec	    hex	filename
    808	      0	   1568	   2376	    948	005HSI_Measurement.elf
Finished building: default.size.stdout
 
23:13:14 **** Incremental Build of configuration Debug for project 001HelloWorld ****
make -j4 all 
arm-none-eabi-size  001HelloWorld.elf 
   text	   data	    bss	    dec	    hex	filename
   3464	     92	   1900	   5456	   1550	001HelloWorld.elf
Finished building: default.size.stdout
 
23:13:14 **** Incremental Build of configuration Debug for project 002SampleApp ****
make -j4 all 
arm-none-eabi-size  002SampleApp.elf 
   text	   data	    bss	    dec	    hex	filename
   6372	    164	   1900	   8436	   20f4	002SampleApp.elf
Finished building: default.size.stdout
 
23:13:14 **** Incremental Build of configuration Debug for project 004PeriClockEnable ****
make -j4 all 
arm-none-eabi-size  004PeriClockEnable.elf 
   text	   data	    bss	    dec	    hex	filename
    756	      0	   1568	   2324	    914	004PeriClockEnable.elf
Finished building: default.size.stdout
 
23:13:14 **** Incremental Build of configuration Debug for project 005HSI_Measurement ****
make -j4 all 
arm-none-eabi-gcc "../Src/main.c" -mcpu=cortex-m4 -std=gnu11 -g3 -DDEBUG -DSTM32 -DSTM32F4 -DSTM32F446RETx -DNUCLEO_F446RE -c -I../Inc -O0 -ffunction-sections -fdata-sections -Wall -fstack-usage -fcyclomatic-complexity -MMD -MP -MF"Src/main.d" -MT"Src/main.o" --specs=nano.specs -mfpu=fpv4-sp-d16 -mfloat-abi=hard -mthumb -o "Src/main.o"
../Src/main.c:30:4: warning: #warning "FPU is not initialized, but the project is compiling for an FPU. Please initialize the FPU before use." [-Wcpp]
   30 |   #warning "FPU is not initialized, but the project is compiling for an FPU. Please initialize the FPU before use."
      |    ^~~~~~~
arm-none-eabi-gcc -o "005HSI_Measurement.elf" @"objects.list"   -mcpu=cortex-m4 -T"/home/justjhst/바탕화면/Phase1_Udemy/005HSI_Measurement/STM32F446RETX_FLASH.ld" --specs=nosys.specs -Wl,-Map="005HSI_Measurement.map" -Wl,--gc-sections -static --specs=nano.specs -mfpu=fpv4-sp-d16 -mfloat-abi=hard -mthumb -Wl,--start-group -lc -lm -Wl,--end-group
Finished building target: 005HSI_Measurement.elf
 
arm-none-eabi-size  005HSI_Measurement.elf 
arm-none-eabi-objdump -h -S 005HSI_Measurement.elf  > "005HSI_Measurement.list"
   text	   data	    bss	    dec	    hex	filename
    820	      0	   1568	   2388	    954	005HSI_Measurement.elf
Finished building: default.size.stdout
 
Finished building: 005HSI_Measurement.list
 
23:13:14 **** Incremental Build of configuration Debug for project Clock ****
make -j4 all 
arm-none-eabi-size  Clock.elf 
   text	   data	    bss	    dec	    hex	filename
   5328	     12	   1572	   6912	   1b00	Clock.elf
Finished building: default.size.stdout
 
23:13:19 **** Incremental Build of configuration Debug for project 005HSI_Measurement ****
make -j4 all 
arm-none-eabi-size  005HSI_Measurement.elf 
   text	   data	    bss	    dec	    hex	filename
    820	      0	   1568	   2388	    954	005HSI_Measurement.elf
Finished building: default.size.stdout
 
23:16:33 **** Incremental Build of configuration Debug for project 001HelloWorld ****
make -j4 all 
arm-none-eabi-size  001HelloWorld.elf 
   text	   data	    bss	    dec	    hex	filename
   3464	     92	   1900	   5456	   1550	001HelloWorld.elf
Finished building: default.size.stdout
 
23:16:33 **** Incremental Build of configuration Debug for project 002SampleApp ****
make -j4 all 
arm-none-eabi-size  002SampleApp.elf 
   text	   data	    bss	    dec	    hex	filename
   6372	    164	   1900	   8436	   20f4	002SampleApp.elf
Finished building: default.size.stdout
 
23:16:33 **** Incremental Build of configuration Debug for project 004PeriClockEnable ****
make -j4 all 
arm-none-eabi-size  004PeriClockEnable.elf 
   text	   data	    bss	    dec	    hex	filename
    756	      0	   1568	   2324	    914	004PeriClockEnable.elf
Finished building: default.size.stdout
 
23:16:33 **** Incremental Build of configuration Debug for project 005HSI_Measurement ****
make -j4 all 
arm-none-eabi-gcc "../Src/main.c" -mcpu=cortex-m4 -std=gnu11 -g3 -DDEBUG -DSTM32 -DSTM32F4 -DSTM32F446RETx -DNUCLEO_F446RE -c -I../Inc -O0 -ffunction-sections -fdata-sections -Wall -fstack-usage -fcyclomatic-complexity -MMD -MP -MF"Src/main.d" -MT"Src/main.o" --specs=nano.specs -mfpu=fpv4-sp-d16 -mfloat-abi=hard -mthumb -o "Src/main.o"
../Src/main.c:30:4: warning: #warning "FPU is not initialized, but the project is compiling for an FPU. Please initialize the FPU before use." [-Wcpp]
   30 |   #warning "FPU is not initialized, but the project is compiling for an FPU. Please initialize the FPU before use."
      |    ^~~~~~~
arm-none-eabi-gcc -o "005HSI_Measurement.elf" @"objects.list"   -mcpu=cortex-m4 -T"/home/justjhst/바탕화면/Phase1_Udemy/005HSI_Measurement/STM32F446RETX_FLASH.ld" --specs=nosys.specs -Wl,-Map="005HSI_Measurement.map" -Wl,--gc-sections -static --specs=nano.specs -mfpu=fpv4-sp-d16 -mfloat-abi=hard -mthumb -Wl,--start-group -lc -lm -Wl,--end-group
Finished building target: 005HSI_Measurement.elf
 
arm-none-eabi-size  005HSI_Measurement.elf 
arm-none-eabi-objdump -h -S 005HSI_Measurement.elf  > "005HSI_Measurement.list"
   text	   data	    bss	    dec	    hex	filename
    832	      0	   1568	   2400	    960	005HSI_Measurement.elf
Finished building: default.size.stdout
 
Finished building: 005HSI_Measurement.list
 
23:16:34 **** Incremental Build of configuration Debug for project Clock ****
make -j4 all 
arm-none-eabi-size  Clock.elf 
   text	   data	    bss	    dec	    hex	filename
   5328	     12	   1572	   6912	   1b00	Clock.elf
Finished building: default.size.stdout
 
23:16:37 **** Incremental Build of configuration Debug for project 005HSI_Measurement ****
make -j4 all 
arm-none-eabi-size  005HSI_Measurement.elf 
   text	   data	    bss	    dec	    hex	filename
    832	      0	   1568	   2400	    960	005HSI_Measurement.elf
Finished building: default.size.stdout
 
23:21:00 **** Incremental Build of configuration Debug for project 001HelloWorld ****
make -j4 all 
arm-none-eabi-size  001HelloWorld.elf 
   text	   data	    bss	    dec	    hex	filename
   3464	     92	   1900	   5456	   1550	001HelloWorld.elf
Finished building: default.size.stdout
 
23:21:00 **** Incremental Build of configuration Debug for project 002SampleApp ****
make -j4 all 
arm-none-eabi-size  002SampleApp.elf 
   text	   data	    bss	    dec	    hex	filename
   6372	    164	   1900	   8436	   20f4	002SampleApp.elf
Finished building: default.size.stdout
 
23:21:00 **** Incremental Build of configuration Debug for project 004PeriClockEnable ****
make -j4 all 
arm-none-eabi-size  004PeriClockEnable.elf 
   text	   data	    bss	    dec	    hex	filename
    756	      0	   1568	   2324	    914	004PeriClockEnable.elf
Finished building: default.size.stdout
 
23:21:01 **** Incremental Build of configuration Debug for project 005HSI_Measurement ****
make -j4 all 
arm-none-eabi-gcc "../Src/main.c" -mcpu=cortex-m4 -std=gnu11 -g3 -DDEBUG -DSTM32 -DSTM32F4 -DSTM32F446RETx -DNUCLEO_F446RE -c -I../Inc -O0 -ffunction-sections -fdata-sections -Wall -fstack-usage -fcyclomatic-complexity -MMD -MP -MF"Src/main.d" -MT"Src/main.o" --specs=nano.specs -mfpu=fpv4-sp-d16 -mfloat-abi=hard -mthumb -o "Src/main.o"
../Src/main.c:30:4: warning: #warning "FPU is not initialized, but the project is compiling for an FPU. Please initialize the FPU before use." [-Wcpp]
   30 |   #warning "FPU is not initialized, but the project is compiling for an FPU. Please initialize the FPU before use."
      |    ^~~~~~~
arm-none-eabi-gcc -o "005HSI_Measurement.elf" @"objects.list"   -mcpu=cortex-m4 -T"/home/justjhst/바탕화면/Phase1_Udemy/005HSI_Measurement/STM32F446RETX_FLASH.ld" --specs=nosys.specs -Wl,-Map="005HSI_Measurement.map" -Wl,--gc-sections -static --specs=nano.specs -mfpu=fpv4-sp-d16 -mfloat-abi=hard -mthumb -Wl,--start-group -lc -lm -Wl,--end-group
Finished building target: 005HSI_Measurement.elf
 
arm-none-eabi-size  005HSI_Measurement.elf 
arm-none-eabi-objdump -h -S 005HSI_Measurement.elf  > "005HSI_Measurement.list"
   text	   data	    bss	    dec	    hex	filename
    832	      0	   1568	   2400	    960	005HSI_Measurement.elf
Finished building: default.size.stdout
 
Finished building: 005HSI_Measurement.list
 
23:21:01 **** Incremental Build of configuration Debug for project Clock ****
make -j4 all 
arm-none-eabi-size  Clock.elf 
   text	   data	    bss	    dec	    hex	filename
   5328	     12	   1572	   6912	   1b00	Clock.elf
Finished building: default.size.stdout
 
23:21:06 **** Incremental Build of configuration Debug for project 005HSI_Measurement ****
make -j4 all 
arm-none-eabi-size  005HSI_Measurement.elf 
   text	   data	    bss	    dec	    hex	filename
    832	      0	   1568	   2400	    960	005HSI_Measurement.elf
Finished building: default.size.stdout
 
23:54:14 **** Incremental Build of configuration Debug for project 001HelloWorld ****
make -j4 all 
arm-none-eabi-size  001HelloWorld.elf 
   text	   data	    bss	    dec	    hex	filename
   3464	     92	   1900	   5456	   1550	001HelloWorld.elf
Finished building: default.size.stdout
 
23:54:14 **** Incremental Build of configuration Debug for project 002SampleApp ****
make -j4 all 
arm-none-eabi-size  002SampleApp.elf 
   text	   data	    bss	    dec	    hex	filename
   6372	    164	   1900	   8436	   20f4	002SampleApp.elf
Finished building: default.size.stdout
 
23:54:14 **** Incremental Build of configuration Debug for project 004PeriClockEnable ****
make -j4 all 
arm-none-eabi-size  004PeriClockEnable.elf 
   text	   data	    bss	    dec	    hex	filename
    756	      0	   1568	   2324	    914	004PeriClockEnable.elf
Finished building: default.size.stdout
 
23:54:14 **** Incremental Build of configuration Debug for project 005HSI_Measurement ****
make -j4 all 
arm-none-eabi-gcc "../Src/main.c" -mcpu=cortex-m4 -std=gnu11 -g3 -DDEBUG -DSTM32 -DSTM32F4 -DSTM32F446RETx -DNUCLEO_F446RE -c -I../Inc -O0 -ffunction-sections -fdata-sections -Wall -fstack-usage -fcyclomatic-complexity -MMD -MP -MF"Src/main.d" -MT"Src/main.o" --specs=nano.specs -mfpu=fpv4-sp-d16 -mfloat-abi=hard -mthumb -o "Src/main.o"
../Src/main.c:30:4: warning: #warning "FPU is not initialized, but the project is compiling for an FPU. Please initialize the FPU before use." [-Wcpp]
   30 |   #warning "FPU is not initialized, but the project is compiling for an FPU. Please initialize the FPU before use."
      |    ^~~~~~~
arm-none-eabi-gcc -o "005HSI_Measurement.elf" @"objects.list"   -mcpu=cortex-m4 -T"/home/justjhst/바탕화면/Phase1_Udemy/005HSI_Measurement/STM32F446RETX_FLASH.ld" --specs=nosys.specs -Wl,-Map="005HSI_Measurement.map" -Wl,--gc-sections -static --specs=nano.specs -mfpu=fpv4-sp-d16 -mfloat-abi=hard -mthumb -Wl,--start-group -lc -lm -Wl,--end-group
Finished building target: 005HSI_Measurement.elf
 
arm-none-eabi-size  005HSI_Measurement.elf 
arm-none-eabi-objdump -h -S 005HSI_Measurement.elf  > "005HSI_Measurement.list"
   text	   data	    bss	    dec	    hex	filename
    820	      0	   1568	   2388	    954	005HSI_Measurement.elf
Finished building: default.size.stdout
 
Finished building: 005HSI_Measurement.list
 
23:54:15 **** Incremental Build of configuration Debug for project Clock ****
make -j4 all 
arm-none-eabi-size  Clock.elf 
   text	   data	    bss	    dec	    hex	filename
   5328	     12	   1572	   6912	   1b00	Clock.elf
Finished building: default.size.stdout
 
23:54:18 **** Incremental Build of configuration Debug for project 005HSI_Measurement ****
make -j4 all 
arm-none-eabi-size  005HSI_Measurement.elf 
   text	   data	    bss	    dec	    hex	filename
    820	      0	   1568	   2388	    954	005HSI_Measurement.elf
Finished building: default.size.stdout
 
01:31:10 **** Incremental Build of configuration Debug for project 001HelloWorld ****
make -j4 all 
arm-none-eabi-size  001HelloWorld.elf 
   text	   data	    bss	    dec	    hex	filename
   3464	     92	   1900	   5456	   1550	001HelloWorld.elf
Finished building: default.size.stdout
 
01:31:10 **** Incremental Build of configuration Debug for project 002SampleApp ****
make -j4 all 
arm-none-eabi-size  002SampleApp.elf 
   text	   data	    bss	    dec	    hex	filename
   6372	    164	   1900	   8436	   20f4	002SampleApp.elf
Finished building: default.size.stdout
 
01:31:10 **** Incremental Build of configuration Debug for project 004PeriClockEnable ****
make -j4 all 
arm-none-eabi-size  004PeriClockEnable.elf 
   text	   data	    bss	    dec	    hex	filename
    756	      0	   1568	   2324	    914	004PeriClockEnable.elf
Finished building: default.size.stdout
 
01:31:11 **** Incremental Build of configuration Debug for project 005HSI_Measurement ****
make -j4 all 
arm-none-eabi-size  005HSI_Measurement.elf 
   text	   data	    bss	    dec	    hex	filename
    820	      0	   1568	   2388	    954	005HSI_Measurement.elf
Finished building: default.size.stdout
 
01:31:11 **** Build of configuration Debug for project 006HSE_Measurement ****
make -j4 all 
arm-none-eabi-gcc -mcpu=cortex-m4 -g3 -DDEBUG -c -x assembler-with-cpp -MMD -MP -MF"Startup/startup_stm32f446retx.d" -MT"Startup/startup_stm32f446retx.o" --specs=nano.specs -mfpu=fpv4-sp-d16 -mfloat-abi=hard -mthumb -o "Startup/startup_stm32f446retx.o" "../Startup/startup_stm32f446retx.s"
arm-none-eabi-gcc "../Src/main.c" -mcpu=cortex-m4 -std=gnu11 -g3 -DDEBUG -DSTM32 -DSTM32F4 -DSTM32F446RETx -DNUCLEO_F446RE -c -I../Inc -O0 -ffunction-sections -fdata-sections -Wall -fstack-usage -fcyclomatic-complexity -MMD -MP -MF"Src/main.d" -MT"Src/main.o" --specs=nano.specs -mfpu=fpv4-sp-d16 -mfloat-abi=hard -mthumb -o "Src/main.o"
arm-none-eabi-gcc "../Src/syscalls.c" -mcpu=cortex-m4 -std=gnu11 -g3 -DDEBUG -DSTM32 -DSTM32F4 -DSTM32F446RETx -DNUCLEO_F446RE -c -I../Inc -O0 -ffunction-sections -fdata-sections -Wall -fstack-usage -fcyclomatic-complexity -MMD -MP -MF"Src/syscalls.d" -MT"Src/syscalls.o" --specs=nano.specs -mfpu=fpv4-sp-d16 -mfloat-abi=hard -mthumb -o "Src/syscalls.o"
arm-none-eabi-gcc "../Src/sysmem.c" -mcpu=cortex-m4 -std=gnu11 -g3 -DDEBUG -DSTM32 -DSTM32F4 -DSTM32F446RETx -DNUCLEO_F446RE -c -I../Inc -O0 -ffunction-sections -fdata-sections -Wall -fstack-usage -fcyclomatic-complexity -MMD -MP -MF"Src/sysmem.d" -MT"Src/sysmem.o" --specs=nano.specs -mfpu=fpv4-sp-d16 -mfloat-abi=hard -mthumb -o "Src/sysmem.o"
../Src/main.c:34:4: warning: #warning "FPU is not initialized, but the project is compiling for an FPU. Please initialize the FPU before use." [-Wcpp]
   34 |   #warning "FPU is not initialized, but the project is compiling for an FPU. Please initialize the FPU before use."
      |    ^~~~~~~
../Src/main.c: In function 'main':
../Src/main.c:45:5: warning: this 'while' clause does not guard... [-Wmisleading-indentation]
   45 |     while ((RCC_CFGR & (0x3 << 2)) != RCC_CFGR_SWS_HSE);
      |     ^~~~~
../Src/main.c:47:9: note: ...this statement, but the latter is misleadingly indented as if it were guarded by the 'while'
   47 |         for(;;);
      |         ^~~
arm-none-eabi-gcc -o "006HSE_Measurement.elf" @"objects.list"   -mcpu=cortex-m4 -T"/home/justjhst/바탕화면/Phase1_Udemy/006HSE_Measurement/STM32F446RETX_FLASH.ld" --specs=nosys.specs -Wl,-Map="006HSE_Measurement.map" -Wl,--gc-sections -static --specs=nano.specs -mfpu=fpv4-sp-d16 -mfloat-abi=hard -mthumb -Wl,--start-group -lc -lm -Wl,--end-group
Finished building target: 006HSE_Measurement.elf
 
arm-none-eabi-size  006HSE_Measurement.elf 
arm-none-eabi-objdump -h -S 006HSE_Measurement.elf  > "006HSE_Measurement.list"
   text	   data	    bss	    dec	    hex	filename
    784	      0	   1568	   2352	    930	006HSE_Measurement.elf
Finished building: default.size.stdout
 
Finished building: 006HSE_Measurement.list
 
01:31:11 **** Incremental Build of configuration Debug for project Clock ****
make -j4 all 
arm-none-eabi-size  Clock.elf 
   text	   data	    bss	    dec	    hex	filename
   5328	     12	   1572	   6912	   1b00	Clock.elf
Finished building: default.size.stdout
 
01:31:54 **** Incremental Build of configuration Debug for project 001HelloWorld ****
make -j4 all 
arm-none-eabi-size  001HelloWorld.elf 
   text	   data	    bss	    dec	    hex	filename
   3464	     92	   1900	   5456	   1550	001HelloWorld.elf
Finished building: default.size.stdout
 
01:31:54 **** Incremental Build of configuration Debug for project 002SampleApp ****
make -j4 all 
arm-none-eabi-size  002SampleApp.elf 
   text	   data	    bss	    dec	    hex	filename
   6372	    164	   1900	   8436	   20f4	002SampleApp.elf
Finished building: default.size.stdout
 
01:31:55 **** Incremental Build of configuration Debug for project 004PeriClockEnable ****
make -j4 all 
arm-none-eabi-size  004PeriClockEnable.elf 
   text	   data	    bss	    dec	    hex	filename
    756	      0	   1568	   2324	    914	004PeriClockEnable.elf
Finished building: default.size.stdout
 
01:31:55 **** Incremental Build of configuration Debug for project 005HSI_Measurement ****
make -j4 all 
arm-none-eabi-size  005HSI_Measurement.elf 
   text	   data	    bss	    dec	    hex	filename
    820	      0	   1568	   2388	    954	005HSI_Measurement.elf
Finished building: default.size.stdout
 
01:31:55 **** Incremental Build of configuration Debug for project 006HSE_Measurement ****
make -j4 all 
arm-none-eabi-size  006HSE_Measurement.elf 
   text	   data	    bss	    dec	    hex	filename
    784	      0	   1568	   2352	    930	006HSE_Measurement.elf
Finished building: default.size.stdout
 
01:31:55 **** Incremental Build of configuration Debug for project Clock ****
make -j4 all 
arm-none-eabi-size  Clock.elf 
   text	   data	    bss	    dec	    hex	filename
   5328	     12	   1572	   6912	   1b00	Clock.elf
Finished building: default.size.stdout
 
01:32:18 **** Incremental Build of configuration Debug for project 006HSE_Measurement ****
make -j4 all 
arm-none-eabi-size  006HSE_Measurement.elf 
   text	   data	    bss	    dec	    hex	filename
    784	      0	   1568	   2352	    930	006HSE_Measurement.elf
Finished building: default.size.stdout
 
01:35:45 **** Incremental Build of configuration Debug for project 001HelloWorld ****
make -j4 all 
arm-none-eabi-size  001HelloWorld.elf 
   text	   data	    bss	    dec	    hex	filename
   3464	     92	   1900	   5456	   1550	001HelloWorld.elf
Finished building: default.size.stdout
 
01:35:45 **** Incremental Build of configuration Debug for project 002SampleApp ****
make -j4 all 
arm-none-eabi-size  002SampleApp.elf 
   text	   data	    bss	    dec	    hex	filename
   6372	    164	   1900	   8436	   20f4	002SampleApp.elf
Finished building: default.size.stdout
 
01:35:45 **** Incremental Build of configuration Debug for project 004PeriClockEnable ****
make -j4 all 
arm-none-eabi-size  004PeriClockEnable.elf 
   text	   data	    bss	    dec	    hex	filename
    756	      0	   1568	   2324	    914	004PeriClockEnable.elf
Finished building: default.size.stdout
 
01:35:46 **** Incremental Build of configuration Debug for project 005HSI_Measurement ****
make -j4 all 
arm-none-eabi-size  005HSI_Measurement.elf 
   text	   data	    bss	    dec	    hex	filename
    820	      0	   1568	   2388	    954	005HSI_Measurement.elf
Finished building: default.size.stdout
 
01:35:46 **** Incremental Build of configuration Debug for project 006HSE_Measurement ****
make -j4 all 
arm-none-eabi-gcc "../Src/main.c" -mcpu=cortex-m4 -std=gnu11 -g3 -DDEBUG -DSTM32 -DSTM32F4 -DSTM32F446RETx -DNUCLEO_F446RE -c -I../Inc -O0 -ffunction-sections -fdata-sections -Wall -fstack-usage -fcyclomatic-complexity -MMD -MP -MF"Src/main.d" -MT"Src/main.o" --specs=nano.specs -mfpu=fpv4-sp-d16 -mfloat-abi=hard -mthumb -o "Src/main.o"
../Src/main.c:34:4: warning: #warning "FPU is not initialized, but the project is compiling for an FPU. Please initialize the FPU before use." [-Wcpp]
   34 |   #warning "FPU is not initialized, but the project is compiling for an FPU. Please initialize the FPU before use."
      |    ^~~~~~~
../Src/main.c: In function 'main':
../Src/main.c:46:5: warning: this 'while' clause does not guard... [-Wmisleading-indentation]
   46 |     while ((RCC_CFGR & (0x3 << 2)) != RCC_CFGR_SWS_HSE);
      |     ^~~~~
../Src/main.c:48:9: note: ...this statement, but the latter is misleadingly indented as if it were guarded by the 'while'
   48 |         for(;;);
      |         ^~~
arm-none-eabi-gcc -o "006HSE_Measurement.elf" @"objects.list"   -mcpu=cortex-m4 -T"/home/justjhst/바탕화면/Phase1_Udemy/006HSE_Measurement/STM32F446RETX_FLASH.ld" --specs=nosys.specs -Wl,-Map="006HSE_Measurement.map" -Wl,--gc-sections -static --specs=nano.specs -mfpu=fpv4-sp-d16 -mfloat-abi=hard -mthumb -Wl,--start-group -lc -lm -Wl,--end-group
Finished building target: 006HSE_Measurement.elf
 
arm-none-eabi-size  006HSE_Measurement.elf 
arm-none-eabi-objdump -h -S 006HSE_Measurement.elf  > "006HSE_Measurement.list"
   text	   data	    bss	    dec	    hex	filename
    796	      0	   1568	   2364	    93c	006HSE_Measurement.elf
Finished building: default.size.stdout
 
Finished building: 006HSE_Measurement.list
 
01:35:46 **** Incremental Build of configuration Debug for project Clock ****
make -j4 all 
arm-none-eabi-size  Clock.elf 
   text	   data	    bss	    dec	    hex	filename
   5328	     12	   1572	   6912	   1b00	Clock.elf
Finished building: default.size.stdout
 
01:35:51 **** Incremental Build of configuration Debug for project 006HSE_Measurement ****
make -j4 all 
arm-none-eabi-size  006HSE_Measurement.elf 
   text	   data	    bss	    dec	    hex	filename
    796	      0	   1568	   2364	    93c	006HSE_Measurement.elf
Finished building: default.size.stdout
 
18:27:09 **** Incremental Build of configuration Debug for project 001HelloWorld ****
make -j4 all 
arm-none-eabi-size  001HelloWorld.elf 
   text	   data	    bss	    dec	    hex	filename
   3464	     92	   1900	   5456	   1550	001HelloWorld.elf
Finished building: default.size.stdout
 
18:27:10 **** Incremental Build of configuration Debug for project 002SampleApp ****
make -j4 all 
arm-none-eabi-size  002SampleApp.elf 
   text	   data	    bss	    dec	    hex	filename
   6372	    164	   1900	   8436	   20f4	002SampleApp.elf
Finished building: default.size.stdout
 
18:27:10 **** Incremental Build of configuration Debug for project 004PeriClockEnable ****
make -j4 all 
arm-none-eabi-size  004PeriClockEnable.elf 
   text	   data	    bss	    dec	    hex	filename
    756	      0	   1568	   2324	    914	004PeriClockEnable.elf
Finished building: default.size.stdout
 
18:27:10 **** Incremental Build of configuration Debug for project 005HSI_Measurement ****
make -j4 all 
arm-none-eabi-size  005HSI_Measurement.elf 
   text	   data	    bss	    dec	    hex	filename
    820	      0	   1568	   2388	    954	005HSI_Measurement.elf
Finished building: default.size.stdout
 
18:27:10 **** Incremental Build of configuration Debug for project 006HSE_Measurement ****
make -j4 all 
arm-none-eabi-size  006HSE_Measurement.elf 
   text	   data	    bss	    dec	    hex	filename
    796	      0	   1568	   2364	    93c	006HSE_Measurement.elf
Finished building: default.size.stdout
 
18:27:10 **** Incremental Build of configuration Debug for project Clock ****
make -j4 all 
arm-none-eabi-size  Clock.elf 
   text	   data	    bss	    dec	    hex	filename
   5328	     12	   1572	   6912	   1b00	Clock.elf
Finished building: default.size.stdout
 
18:27:21 **** Incremental Build of configuration Debug for project 005HSI_Measurement ****
make -j4 all 
arm-none-eabi-size  005HSI_Measurement.elf 
   text	   data	    bss	    dec	    hex	filename
    820	      0	   1568	   2388	    954	005HSI_Measurement.elf
Finished building: default.size.stdout
 
18:38:06 **** Incremental Build of configuration Debug for project 001HelloWorld ****
make -j4 all 
arm-none-eabi-size  001HelloWorld.elf 
   text	   data	    bss	    dec	    hex	filename
   3464	     92	   1900	   5456	   1550	001HelloWorld.elf
Finished building: default.size.stdout
 
18:38:06 **** Incremental Build of configuration Debug for project 002SampleApp ****
make -j4 all 
arm-none-eabi-size  002SampleApp.elf 
   text	   data	    bss	    dec	    hex	filename
   6372	    164	   1900	   8436	   20f4	002SampleApp.elf
Finished building: default.size.stdout
 
18:38:06 **** Incremental Build of configuration Debug for project 004PeriClockEnable ****
make -j4 all 
arm-none-eabi-size  004PeriClockEnable.elf 
   text	   data	    bss	    dec	    hex	filename
    756	      0	   1568	   2324	    914	004PeriClockEnable.elf
Finished building: default.size.stdout
 
18:38:06 **** Incremental Build of configuration Debug for project 005HSI_Measurement ****
make -j4 all 
arm-none-eabi-gcc "../Src/main.c" -mcpu=cortex-m4 -std=gnu11 -g3 -DDEBUG -DSTM32 -DSTM32F4 -DSTM32F446RETx -DNUCLEO_F446RE -c -I../Inc -O0 -ffunction-sections -fdata-sections -Wall -fstack-usage -fcyclomatic-complexity -MMD -MP -MF"Src/main.d" -MT"Src/main.o" --specs=nano.specs -mfpu=fpv4-sp-d16 -mfloat-abi=hard -mthumb -o "Src/main.o"
../Src/main.c:30:4: warning: #warning "FPU is not initialized, but the project is compiling for an FPU. Please initialize the FPU before use." [-Wcpp]
   30 |   #warning "FPU is not initialized, but the project is compiling for an FPU. Please initialize the FPU before use."
      |    ^~~~~~~
arm-none-eabi-gcc -o "005HSI_Measurement.elf" @"objects.list"   -mcpu=cortex-m4 -T"/home/justjhst/바탕화면/Phase1_Udemy/005HSI_Measurement/STM32F446RETX_FLASH.ld" --specs=nosys.specs -Wl,-Map="005HSI_Measurement.map" -Wl,--gc-sections -static --specs=nano.specs -mfpu=fpv4-sp-d16 -mfloat-abi=hard -mthumb -Wl,--start-group -lc -lm -Wl,--end-group
Finished building target: 005HSI_Measurement.elf
 
arm-none-eabi-size  005HSI_Measurement.elf 
arm-none-eabi-objdump -h -S 005HSI_Measurement.elf  > "005HSI_Measurement.list"
   text	   data	    bss	    dec	    hex	filename
    836	      0	   1568	   2404	    964	005HSI_Measurement.elf
Finished building: default.size.stdout
 
Finished building: 005HSI_Measurement.list
 
18:38:07 **** Incremental Build of configuration Debug for project 006HSE_Measurement ****
make -j4 all 
arm-none-eabi-size  006HSE_Measurement.elf 
   text	   data	    bss	    dec	    hex	filename
    796	      0	   1568	   2364	    93c	006HSE_Measurement.elf
Finished building: default.size.stdout
 
18:38:07 **** Incremental Build of configuration Debug for project Clock ****
make -j4 all 
arm-none-eabi-size  Clock.elf 
   text	   data	    bss	    dec	    hex	filename
   5328	     12	   1572	   6912	   1b00	Clock.elf
Finished building: default.size.stdout
 
18:38:27 **** Incremental Build of configuration Debug for project 005HSI_Measurement ****
make -j4 all 
arm-none-eabi-size  005HSI_Measurement.elf 
   text	   data	    bss	    dec	    hex	filename
    836	      0	   1568	   2404	    964	005HSI_Measurement.elf
Finished building: default.size.stdout
 
00:33:33 **** Build of configuration Debug for project stm32f4xx_drivers ****
make -j4 all 
arm-none-eabi-gcc -mcpu=cortex-m4 -g3 -DDEBUG -c -x assembler-with-cpp -MMD -MP -MF"Startup/startup_stm32f446retx.d" -MT"Startup/startup_stm32f446retx.o" --specs=nano.specs -mfpu=fpv4-sp-d16 -mfloat-abi=hard -mthumb -o "Startup/startup_stm32f446retx.o" "../Startup/startup_stm32f446retx.s"
arm-none-eabi-gcc "../Src/main.c" -mcpu=cortex-m4 -std=gnu11 -g3 -DDEBUG -DSTM32 -DSTM32F4 -DSTM32F446RETx -DNUCLEO_F446RE -c -I../Inc -O0 -ffunction-sections -fdata-sections -Wall -fstack-usage -fcyclomatic-complexity -MMD -MP -MF"Src/main.d" -MT"Src/main.o" --specs=nano.specs -mfpu=fpv4-sp-d16 -mfloat-abi=hard -mthumb -o "Src/main.o"
arm-none-eabi-gcc "../Src/syscalls.c" -mcpu=cortex-m4 -std=gnu11 -g3 -DDEBUG -DSTM32 -DSTM32F4 -DSTM32F446RETx -DNUCLEO_F446RE -c -I../Inc -O0 -ffunction-sections -fdata-sections -Wall -fstack-usage -fcyclomatic-complexity -MMD -MP -MF"Src/syscalls.d" -MT"Src/syscalls.o" --specs=nano.specs -mfpu=fpv4-sp-d16 -mfloat-abi=hard -mthumb -o "Src/syscalls.o"
arm-none-eabi-gcc "../Src/sysmem.c" -mcpu=cortex-m4 -std=gnu11 -g3 -DDEBUG -DSTM32 -DSTM32F4 -DSTM32F446RETx -DNUCLEO_F446RE -c -I../Inc -O0 -ffunction-sections -fdata-sections -Wall -fstack-usage -fcyclomatic-complexity -MMD -MP -MF"Src/sysmem.d" -MT"Src/sysmem.o" --specs=nano.specs -mfpu=fpv4-sp-d16 -mfloat-abi=hard -mthumb -o "Src/sysmem.o"
../Src/main.c:18:10: fatal error: stm32f446xx.h: No such file or directory
   18 | #include "stm32f446xx.h"
      |          ^~~~~~~~~~~~~~~
compilation terminated.
make: *** [Src/subdir.mk:25: Src/main.o] Error 1
make: *** Waiting for unfinished jobs....
"make -j4 all" terminated with exit code 2. Build might be incomplete.
00:35:20 **** Incremental Build of configuration Debug for project stm32f4xx_drivers ****
make -j4 all 
arm-none-eabi-gcc "../Src/main.c" -mcpu=cortex-m4 -std=gnu11 -g3 -DDEBUG -DSTM32 -DSTM32F4 -DSTM32F446RETx -DNUCLEO_F446RE -c -I../Inc -I"/home/justjhst/바탕화면/Phase1_Udemy/stm32f4xx_drivers/drivers/Inc" -O0 -ffunction-sections -fdata-sections -Wall -fstack-usage -fcyclomatic-complexity -MMD -MP -MF"Src/main.d" -MT"Src/main.o" --specs=nano.specs -mfpu=fpv4-sp-d16 -mfloat-abi=hard -mthumb -o "Src/main.o"
arm-none-eabi-gcc "../Src/syscalls.c" -mcpu=cortex-m4 -std=gnu11 -g3 -DDEBUG -DSTM32 -DSTM32F4 -DSTM32F446RETx -DNUCLEO_F446RE -c -I../Inc -I"/home/justjhst/바탕화면/Phase1_Udemy/stm32f4xx_drivers/drivers/Inc" -O0 -ffunction-sections -fdata-sections -Wall -fstack-usage -fcyclomatic-complexity -MMD -MP -MF"Src/syscalls.d" -MT"Src/syscalls.o" --specs=nano.specs -mfpu=fpv4-sp-d16 -mfloat-abi=hard -mthumb -o "Src/syscalls.o"
arm-none-eabi-gcc "../Src/sysmem.c" -mcpu=cortex-m4 -std=gnu11 -g3 -DDEBUG -DSTM32 -DSTM32F4 -DSTM32F446RETx -DNUCLEO_F446RE -c -I../Inc -I"/home/justjhst/바탕화면/Phase1_Udemy/stm32f4xx_drivers/drivers/Inc" -O0 -ffunction-sections -fdata-sections -Wall -fstack-usage -fcyclomatic-complexity -MMD -MP -MF"Src/sysmem.d" -MT"Src/sysmem.o" --specs=nano.specs -mfpu=fpv4-sp-d16 -mfloat-abi=hard -mthumb -o "Src/sysmem.o"
../Src/main.c:22:4: warning: #warning "FPU is not initialized, but the project is compiling for an FPU. Please initialize the FPU before use." [-Wcpp]
   22 |   #warning "FPU is not initialized, but the project is compiling for an FPU. Please initialize the FPU before use."
      |    ^~~~~~~
arm-none-eabi-gcc -o "stm32f4xx_drivers.elf" @"objects.list"   -mcpu=cortex-m4 -T"/home/justjhst/바탕화면/Phase1_Udemy/stm32f4xx_drivers/STM32F446RETX_FLASH.ld" --specs=nosys.specs -Wl,-Map="stm32f4xx_drivers.map" -Wl,--gc-sections -static --specs=nano.specs -mfpu=fpv4-sp-d16 -mfloat-abi=hard -mthumb -Wl,--start-group -lc -lm -Wl,--end-group
Finished building target: stm32f4xx_drivers.elf
 
arm-none-eabi-size  stm32f4xx_drivers.elf 
arm-none-eabi-objdump -h -S stm32f4xx_drivers.elf  > "stm32f4xx_drivers.list"
   text	   data	    bss	    dec	    hex	filename
    712	      0	   1568	   2280	    8e8	stm32f4xx_drivers.elf
Finished building: default.size.stdout
 
Finished building: stm32f4xx_drivers.list
 
23:30:43 **** Build of configuration Debug for project stm32f4xx_drivers ****
make -j4 all 
arm-none-eabi-gcc "../Src/main.c" -mcpu=cortex-m4 -std=gnu11 -g3 -DDEBUG -DSTM32 -DSTM32F4 -DSTM32F446RETx -DNUCLEO_F446RE -c -I../Inc -I"/home/justjhst/바탕화면/Phase1_Udemy/stm32f4xx_drivers/drivers/Inc" -O0 -ffunction-sections -fdata-sections -Wall -fstack-usage -fcyclomatic-complexity -MMD -MP -MF"Src/main.d" -MT"Src/main.o" --specs=nano.specs -mfpu=fpv4-sp-d16 -mfloat-abi=hard -mthumb -o "Src/main.o"
../Src/main.c:22:4: warning: #warning "FPU is not initialized, but the project is compiling for an FPU. Please initialize the FPU before use." [-Wcpp]
   22 |   #warning "FPU is not initialized, but the project is compiling for an FPU. Please initialize the FPU before use."
      |    ^~~~~~~
arm-none-eabi-gcc -o "stm32f4xx_drivers.elf" @"objects.list"   -mcpu=cortex-m4 -T"/home/justjhst/바탕화면/Phase1_Udemy/stm32f4xx_drivers/STM32F446RETX_FLASH.ld" --specs=nosys.specs -Wl,-Map="stm32f4xx_drivers.map" -Wl,--gc-sections -static --specs=nano.specs -mfpu=fpv4-sp-d16 -mfloat-abi=hard -mthumb -Wl,--start-group -lc -lm -Wl,--end-group
Finished building target: stm32f4xx_drivers.elf
 
arm-none-eabi-size  stm32f4xx_drivers.elf 
arm-none-eabi-objdump -h -S stm32f4xx_drivers.elf  > "stm32f4xx_drivers.list"
   text	   data	    bss	    dec	    hex	filename
    712	      0	   1568	   2280	    8e8	stm32f4xx_drivers.elf
Finished building: default.size.stdout
 
Finished building: stm32f4xx_drivers.list
 
